  the row: one episode is one run, from rung one until it dies
  Rogue   lr 0.05   updates 24   huber knee 120   gamma 0.999
  the written control through this loop: mean rung 6.0, best 13
  episode     0   eps 1.00   buffer     98   deepest rung   1 (ever   1)   spread  0.068
  episode   100   eps 0.96   buffer  12003   deepest rung   4 (ever   4)   spread  0.072
  episode   200   eps 0.93   buffer  24259   deepest rung   6 (ever   6)   spread  0.077
  episode   300   eps 0.89   buffer  36574   deepest rung   3 (ever   6)   spread  0.086
  episode   400   eps 0.86   buffer  50232   deepest rung   4 (ever   6)   spread  0.096
  episode   500   eps 0.82   buffer  62944   deepest rung   3 (ever   6)   spread  0.103
  episode   600   eps 0.79   buffer  76501   deepest rung   7 (ever   7)   spread  0.110
  episode   700   eps 0.75   buffer  70174   deepest rung   4 (ever   7)   spread  0.119
  episode   800   eps 0.71   buffer  64929   deepest rung   5 (ever   7)   spread  0.128
  episode   900   eps 0.68   buffer  79418   deepest rung   4 (ever   7)   spread  0.136
  episode  1000   eps 0.64   buffer  74551   deepest rung   7 (ever   7)   spread  0.144
  episode  1100   eps 0.61   buffer  69539   deepest rung   5 (ever   7)   spread  0.148
  episode  1200   eps 0.57   buffer  64759   deepest rung   6 (ever   7)   spread  0.154
  episode  1300   eps 0.54   buffer  79835   deepest rung   7 (ever   7)   spread  0.160
  episode  1400   eps 0.50   buffer  75935   deepest rung   7 (ever   7)   spread  0.169
  episode  1500   eps 0.46   buffer  71144   deepest rung   7 (ever   7)   spread  0.176
  episode  1600   eps 0.43   buffer  67797   deepest rung   7 (ever   7)   spread  0.178
  episode  1700   eps 0.39   buffer  64005   deepest rung   4 (ever   7)   spread  0.187
  episode  1800   eps 0.36   buffer  61261   deepest rung   7 (ever   7)   spread  0.191
  episode  1900   eps 0.32   buffer  78504   deepest rung   6 (ever   7)   spread  0.194
  episode  2000   eps 0.29   buffer  76814   deepest rung   9 (ever   9)   spread  0.197
  episode  2100   eps 0.25   buffer  75498   deepest rung   7 (ever   9)   spread  0.204
  episode  2200   eps 0.21   buffer  73991   deepest rung   6 (ever   9)   spread  0.204
  episode  2300   eps 0.18   buffer  72518   deepest rung   5 (ever   9)   spread  0.203
  episode  2400   eps 0.14   buffer  70875   deepest rung   6 (ever   9)   spread  0.204
  episode  2500   eps 0.11   buffer  70630   deepest rung   7 (ever   9)   spread  0.202
  episode  2600   eps 0.07   buffer  70093   deepest rung  11 (ever  11)   spread  0.210
  episode  2700   eps 0.05   buffer  70454   deepest rung   7 (ever  11)   spread  0.212
  episode  2800   eps 0.05   buffer  70740   deepest rung  10 (ever  11)   spread  0.221
  episode  2900   eps 0.05   buffer  70523   deepest rung   9 (ever  11)   spread  0.231
  episode  3000   eps 0.05   buffer  69495   deepest rung   7 (ever  11)   spread  0.241
  episode  3100   eps 0.05   buffer  68579   deepest rung   6 (ever  11)   spread  0.245
  episode  3200   eps 0.05   buffer  67870   deepest rung   8 (ever  11)   spread  0.244
  episode  3300   eps 0.05   buffer  67035   deepest rung   3 (ever  11)   spread  0.255
  episode  3400   eps 0.05   buffer  65714   deepest rung   3 (ever  11)   spread  0.250
  episode  3500   eps 0.05   buffer  63344   deepest rung   2 (ever  11)   spread  0.239
  episode  3600   eps 0.05   buffer  62319   deepest rung   3 (ever  11)   spread  0.242
  episode  3700   eps 0.05   buffer  61396   deepest rung   3 (ever  11)   spread  0.241
  episode  3800   eps 0.05   buffer  60553   deepest rung   3 (ever  11)   spread  0.239
  episode  3900   eps 0.05   buffer  79518   deepest rung   2 (ever  11)   spread  0.235
  episode  3999   eps 0.05   buffer  77839   deepest rung   2 (ever  11)   spread  0.228
trained in 7327.3s
wrote runs/quartermaster_row.txt
